
> test
> cross-env NODE_ENV=development vitest run --reporter=verbose


[1m[46m RUN [49m[22m [36mv4.0.18 [39m[90mC:/Users/66984/workspace-coding/JamJapan[39m

 [32m✓[39m [30m[45m happy-dom [49m[39m tests/unit/transform.test.ts[2m > [22mtransformRoute[2m > [22mtransforms flat coordinates to nested Location objects[32m 2[2mms[22m[39m
 [32m✓[39m [30m[45m happy-dom [49m[39m tests/unit/transform.test.ts[2m > [22mtransformRoute[2m > [22mparses JSON string tags to array[32m 0[2mms[22m[39m
 [32m✓[39m [30m[45m happy-dom [49m[39m tests/unit/transform.test.ts[2m > [22mtransformRoute[2m > [22mhandles already-parsed tags array[32m 0[2mms[22m[39m
 [32m✓[39m [30m[45m happy-dom [49m[39m tests/unit/transform.test.ts[2m > [22mtransformRoute[2m > [22mhandles empty tags[32m 0[2mms[22m[39m
 [32m✓[39m [30m[45m happy-dom [49m[39m tests/unit/transform.test.ts[2m > [22mtransformRoute[2m > [22msorts steps by order[32m 1[2mms[22m[39m
 [32m✓[39m [30m[45m happy-dom [49m[39m tests/unit/transform.test.ts[2m > [22mtransformRoute[2m > [22mtransforms step location to nested object[32m 0[2mms[22m[39m
 [32m✓[39m [30m[45m happy-dom [49m[39m tests/unit/transform.test.ts[2m > [22mtransformRoute[2m > [22mincludes averageRating and reviewCount[32m 0[2mms[22m[39m
 [32m✓[39m [30m[45m happy-dom [49m[39m tests/unit/transform.test.ts[2m > [22mtransformRoute[2m > [22msets isSaved=false when no currentUserId[32m 0[2mms[22m[39m
 [32m✓[39m [30m[45m happy-dom [49m[39m tests/unit/transform.test.ts[2m > [22mtransformRoute[2m > [22msets isSaved=true when currentUserId matches a savedBy entry[32m 0[2mms[22m[39m
 [32m✓[39m [30m[45m happy-dom [49m[39m tests/unit/transform.test.ts[2m > [22mtransformRoute[2m > [22msets isSaved=false when currentUserId does not match[32m 0[2mms[22m[39m
 [32m✓[39m [30m[45m happy-dom [49m[39m tests/unit/transform.test.ts[2m > [22mtransformRoute[2m > [22mmaps createdBy to simplified object[32m 0[2mms[22m[39m
 [32m✓[39m [30m[45m happy-dom [49m[39m tests/unit/transform.test.ts[2m > [22mtransformRoute[2m > [22msets createdBy to null when not present[32m 0[2mms[22m[39m
 [32m✓[39m [30m[45m happy-dom [49m[39m tests/unit/transform.test.ts[2m > [22mtransformRoute[2m > [22misSaved calculation[2m > [22mreturns isSaved=false when no currentUserId provided[32m 0[2mms[22m[39m
 [32m✓[39m [30m[45m happy-dom [49m[39m tests/unit/transform.test.ts[2m > [22mtransformRoute[2m > [22misSaved calculation[2m > [22mreturns isSaved=false when currentUserId provided but savedBy is empty[32m 0[2mms[22m[39m
 [32m✓[39m [30m[45m happy-dom [49m[39m tests/unit/transform.test.ts[2m > [22mtransformRoute[2m > [22misSaved calculation[2m > [22mreturns isSaved=true when currentUserId matches a savedBy entry[32m 0[2mms[22m[39m
 [32m✓[39m [30m[45m happy-dom [49m[39m tests/unit/transform.test.ts[2m > [22mtransformRoute[2m > [22misSaved calculation[2m > [22mreturns isSaved=false when currentUserId does not match any savedBy entry[32m 0[2mms[22m[39m
 [32m✓[39m [30m[45m happy-dom [49m[39m tests/unit/transform.test.ts[2m > [22mtransformRoute[2m > [22misSaved calculation[2m > [22mreturns isSaved=true when multiple users saved and currentUserId matches one[32m 0[2mms[22m[39m
 [32m✓[39m [30m[45m happy-dom [49m[39m tests/unit/transform.test.ts[2m > [22mtransformRoute[2m > [22misSaved calculation[2m > [22mhandles savedBy with different object structures[32m 0[2mms[22m[39m
 [32m✓[39m [30m[45m happy-dom [49m[39m tests/unit/transform.test.ts[2m > [22mtransformReview[2m > [22mmaps user to createdBy[32m 0[2mms[22m[39m
 [32m✓[39m [30m[45m happy-dom [49m[39m tests/unit/transform.test.ts[2m > [22mtransformReview[2m > [22mhandles null user[32m 0[2mms[22m[39m
 [32m✓[39m [30m[45m happy-dom [49m[39m tests/unit/transform.test.ts[2m > [22mtransformRouteRequest[2m > [22mreturns hasVoted=false with no currentUserId[32m 0[2mms[22m[39m
 [32m✓[39m [30m[45m happy-dom [49m[39m tests/unit/transform.test.ts[2m > [22mtransformRouteRequest[2m > [22mreturns hasVoted=true when user voted[32m 0[2mms[22m[39m
 [32m✓[39m [30m[45m happy-dom [49m[39m tests/unit/transform.test.ts[2m > [22mtransformRouteRequest[2m > [22mreturns hasVoted=false when user did not vote[32m 0[2mms[22m[39m
 [32m✓[39m [30m[45m happy-dom [49m[39m tests/unit/transform.test.ts[2m > [22mtransformRouteRequest[2m > [22mmaps createdBy correctly[32m 0[2mms[22m[39m
 [32m✓[39m [30m[45m happy-dom [49m[39m tests/unit/validate.test.ts[2m > [22mcreateRouteSchema[2m > [22maccepts valid route data[32m 4[2mms[22m[39m
 [32m✓[39m [30m[45m happy-dom [49m[39m tests/unit/validate.test.ts[2m > [22mcreateRouteSchema[2m > [22mrejects non-kebab-case id[32m 2[2mms[22m[39m
 [32m✓[39m [30m[45m happy-dom [49m[39m tests/unit/validate.test.ts[2m > [22mcreateRouteSchema[2m > [22mrejects unknown city[32m 1[2mms[22m[39m
 [32m✓[39m [30m[45m happy-dom [49m[39m tests/unit/validate.test.ts[2m > [22mcreateRouteSchema[2m > [22mrejects unknown difficulty[32m 0[2mms[22m[39m
 [32m✓[39m [30m[45m happy-dom [49m[39m tests/unit/validate.test.ts[2m > [22mcreateRouteSchema[2m > [22mrejects empty steps array[32m 0[2mms[22m[39m
 [32m✓[39m [30m[45m happy-dom [49m[39m tests/unit/validate.test.ts[2m > [22mcreateRouteSchema[2m > [22mrejects negative estimatedMinutes[32m 0[2mms[22m[39m
 [32m✓[39m [30m[45m happy-dom [49m[39m tests/unit/validate.test.ts[2m > [22mcreateRouteSchema[2m > [22mdefaults tags to [] when not provided[32m 1[2mms[22m[39m
 [32m✓[39m [30m[45m happy-dom [49m[39m tests/unit/validate.test.ts[2m > [22mcreateRouteSchema[2m > [22maccepts all valid cities[32m 1[2mms[22m[39m
 [32m✓[39m [30m[45m happy-dom [49m[39m tests/unit/validate.test.ts[2m > [22mcreateRouteRequestSchema[2m > [22maccepts valid request data[32m 1[2mms[22m[39m
 [32m✓[39m [30m[45m happy-dom [49m[39m tests/unit/validate.test.ts[2m > [22mcreateRouteRequestSchema[2m > [22mrejects empty title[32m 0[2mms[22m[39m
 [32m✓[39m [30m[45m happy-dom [49m[39m tests/unit/validate.test.ts[2m > [22mcreateRouteRequestSchema[2m > [22mrejects description over 1000 chars[32m 0[2mms[22m[39m
 [32m✓[39m [30m[45m happy-dom [49m[39m tests/unit/validate.test.ts[2m > [22mcreateRouteRequestSchema[2m > [22mrejects missing startPoint[32m 0[2mms[22m[39m
 [32m✓[39m [30m[45m happy-dom [49m[39m tests/unit/validate.test.ts[2m > [22mcreateReviewSchema[2m > [22maccepts rating 1-5 without comment[32m 1[2mms[22m[39m
 [32m✓[39m [30m[45m happy-dom [49m[39m tests/unit/validate.test.ts[2m > [22mcreateReviewSchema[2m > [22maccepts rating with optional comment[32m 0[2mms[22m[39m
 [32m✓[39m [30m[45m happy-dom [49m[39m tests/unit/validate.test.ts[2m > [22mcreateReviewSchema[2m > [22mrejects rating 0[32m 0[2mms[22m[39m
 [32m✓[39m [30m[45m happy-dom [49m[39m tests/unit/validate.test.ts[2m > [22mcreateReviewSchema[2m > [22mrejects rating 6[32m 0[2mms[22m[39m
 [32m✓[39m [30m[45m happy-dom [49m[39m tests/unit/validate.test.ts[2m > [22mcreateReviewSchema[2m > [22mrejects non-integer rating[32m 0[2mms[22m[39m
 [32m✓[39m [30m[45m happy-dom [49m[39m tests/unit/validate.test.ts[2m > [22mcreateReviewSchema[2m > [22mrejects comment over 1000 chars[32m 0[2mms[22m[39m
 [32m✓[39m [30m[45m happy-dom [49m[39m tests/unit/validate.test.ts[2m > [22mupdateReviewSchema[2m > [22maccepts partial update with just rating[32m 1[2mms[22m[39m
 [32m✓[39m [30m[45m happy-dom [49m[39m tests/unit/validate.test.ts[2m > [22mupdateReviewSchema[2m > [22maccepts partial update with just comment[32m 0[2mms[22m[39m
 [32m✓[39m [30m[45m happy-dom [49m[39m tests/unit/validate.test.ts[2m > [22mupdateReviewSchema[2m > [22maccepts empty object (no-op update)[32m 0[2mms[22m[39m
 [32m✓[39m [30m[45m happy-dom [49m[39m tests/integration/saved-routes-api.test.ts[2m > [22mSavedRoute API - Integration Tests[2m > [22mPOST /api/routes/:id/save - Toggle Save[2m > [22mshould save a route (create SavedRoute record)[32m 21[2mms[22m[39m
 [32m✓[39m [30m[45m happy-dom [49m[39m tests/integration/saved-routes-api.test.ts[2m > [22mSavedRoute API - Integration Tests[2m > [22mPOST /api/routes/:id/save - Toggle Save[2m > [22mshould unsave a route (delete SavedRoute record)[32m 11[2mms[22m[39m
 [32m✓[39m [30m[45m happy-dom [49m[39m tests/integration/saved-routes-api.test.ts[2m > [22mSavedRoute API - Integration Tests[2m > [22mGET /api/routes/:id - Route Detail with isSaved[2m > [22mshould return route with isSaved=false when not saved[32m 16[2mms[22m[39m
 [32m✓[39m [30m[45m happy-dom [49m[39m tests/integration/saved-routes-api.test.ts[2m > [22mSavedRoute API - Integration Tests[2m > [22mGET /api/routes/:id - Route Detail with isSaved[2m > [22mshould return route with isSaved=true when saved[32m 9[2mms[22m[39m
 [32m✓[39m [30m[45m happy-dom [49m[39m tests/integration/saved-routes-api.test.ts[2m > [22mSavedRoute API - Integration Tests[2m > [22mGET /api/routes/:id - Route Detail with isSaved[2m > [22mshould include savedBy relationship in API response data[32m 4[2mms[22m[39m
 [32m✓[39m [30m[45m happy-dom [49m[39m tests/integration/saved-routes-api.test.ts[2m > [22mSavedRoute API - Integration Tests[2m > [22mGET /api/routes (list) - Multiple routes with isSaved[2m > [22mshould list all published routes[32m 8[2mms[22m[39m
 [32m✓[39m [30m[45m happy-dom [49m[39m tests/integration/saved-routes-api.test.ts[2m > [22mSavedRoute API - Integration Tests[2m > [22mGET /api/routes (list) - Multiple routes with isSaved[2m > [22mshould show correct isSaved state for each route in list[32m 5[2mms[22m[39m
 [32m✓[39m [30m[45m happy-dom [49m[39m tests/integration/saved-routes-api.test.ts[2m > [22mSavedRoute API - Integration Tests[2m > [22mGET /api/my/saved-routes - User saved routes list[2m > [22mshould return only saved routes for the user[32m 6[2mms[22m[39m
 [32m✓[39m [30m[45m happy-dom [49m[39m tests/integration/saved-routes-api.test.ts[2m > [22mSavedRoute API - Integration Tests[2m > [22mGET /api/my/saved-routes - User saved routes list[2m > [22mshould return saved route with isSaved=true[32m 6[2mms[22m[39m
 [32m✓[39m [30m[45m happy-dom [49m[39m tests/integration/saved-routes-api.test.ts[2m > [22mSavedRoute API - Integration Tests[2m > [22misSaved Persistence - Core Bug Test[2m > [22mshould correctly identify saved status for user1[32m 3[2mms[22m[39m
 [32m✓[39m [30m[45m happy-dom [49m[39m tests/integration/saved-routes-api.test.ts[2m > [22mSavedRoute API - Integration Tests[2m > [22misSaved Persistence - Core Bug Test[2m > [22mshould correctly identify saved status for user2[32m 2[2mms[22m[39m
 [32m✓[39m [30m[45m happy-dom [49m[39m tests/integration/saved-routes-api.test.ts[2m > [22mSavedRoute API - Integration Tests[2m > [22misSaved Persistence - Core Bug Test[2m > [22mshould correctly identify NOT saved status for user3[32m 4[2mms[22m[39m
 [32m✓[39m [30m[45m happy-dom [49m[39m tests/integration/saved-routes-api.test.ts[2m > [22mSavedRoute API - Integration Tests[2m > [22misSaved Persistence - Core Bug Test[2m > [22mshould show different isSaved state for same route depending on user[32m 2[2mms[22m[39m

[2m Test Files [22m [1m[32m3 passed[39m[22m[90m (3)[39m
[2m      Tests [22m [1m[32m58 passed[39m[22m[90m (58)[39m
[2m   Start at [22m 11:05:22
[2m   Duration [22m 1.47s[2m (transform 342ms, setup 427ms, import 576ms, tests 385ms, environment 1.44s)[22m

